###############################################################################
#
# IAR ELF Linker V8.40.1.212/W32 for ARM                  11/Feb/2020  20:36:36
# Copyright 2007-2019 IAR Systems AB.
#
#    Output file  =  D:\Bogdan\ÞÓðÃÓ\Lab6\Debug\Exe\0802.out
#    Map file     =  D:\Bogdan\ÞÓðÃÓ\Lab6\Debug\List\0802.map
#    Command line =
#        -f C:\Users\User\AppData\Local\Temp\EWD05E.tmp
#        (D:\Bogdan\ÞÓðÃÓ\Lab6\Debug\Obj\main.o --no_out_extension -o
#        D:\Bogdan\ÞÓðÃÓ\Lab6\Debug\Exe\0802.out --map
#        D:\Bogdan\ÞÓðÃÓ\Lab6\Debug\List\0802.map --config
#        D:\Kolody\iar\arm\config\linker\ST\stm32f411xE.icf --semihosting
#        --entry __iar_program_start --vfe --text_out locale)
#
###############################################################################

*******************************************************************************
*** RUNTIME MODEL ATTRIBUTES
***

CppFlavor                     = *
__CPP_Exceptions              = Disabled
__CPP_Language                = C++14
__Heap_Handler                = DLMalloc
__SystemLibrary               = DLib
__dlib_dynamic_initialization = normal
__dlib_version                = 6


*******************************************************************************
*** HEAP SELECTION
***

The advanced heap was selected because the application calls memory
allocation functions outside of system library functions, and there
are calls to deallocation functions in the application.


*******************************************************************************
*** PLACEMENT SUMMARY
***

"A0":  place at address 0x800'0000 { ro section .intvec };
"P1":  place in [from 0x800'0000 to 0x807'ffff] { ro };
define block CSTACK with size = 8K, alignment = 8 { };
define block HEAP with size = 8K, alignment = 8 { };
"P2":  place in [from 0x2000'0000 to 0x2001'ffff] {
          rw, block CSTACK, block HEAP };
initialize by copy { rw };

  Section                Kind         Address    Size  Object
  -------                ----         -------    ----  ------
"A0":                                            0x40
  .intvec                ro code   0x800'0000    0x40  vector_table_M.o [5]
                                 - 0x800'0040    0x40

"P1":                                          0x5734
  .text                  ro code   0x800'0040  0x149c  dlmalloc.o [2]
  .text                  ro code   0x800'14dc     0x6  abort.o [2]
  .text                  ro code   0x800'14e2    0x3a  zero_init3.o [5]
  .text                  ro code   0x800'151c    0x2c  xgetmemchunk.o [2]
  .text                  ro code   0x800'1548    0x14  exit.o [6]
  .text                  ro code   0x800'155c    0x7c  iarttio.o [6]
  .text                  ro code   0x800'15d8    0x3c  XShttio.o [2]
  .text                  ro code   0x800'1614   0xfaa  xprintffull_nomb.o [2]
  .text                  ro code   0x800'25be    0x2e  copy_init3.o [5]
  .text                  ro code   0x800'25ec    0x16  strchr.o [5]
  .text                  ro code   0x800'2602     0xa  xsprout.o [2]
  .text                  ro code   0x800'260c    0x40  xfail_s.o [2]
  .text                  ro code   0x800'264c    0x36  strlen.o [5]
  .text                  ro code   0x800'2682     0x6  iostream_cout.o [3]
  .text                  ro code   0x800'2688    0x58  memchr.o [5]
  .text                  ro code   0x800'26e0    0x76  ABImemcpy_unaligned.o [5]
  .rodata                const     0x800'2756     0x2  main.o [1]
  .text                  ro code   0x800'2758    0x70  frexp.o [4]
  .text                  ro code   0x800'27c8    0x2e  DblCmpLe.o [4]
  .text                  ro code   0x800'27f6     0x2  iostream_cout.o [3]
  .text                  ro code   0x800'27f8    0x2e  DblCmpGe.o [4]
  .text                  ro code   0x800'2826     0x2  iostream_cout.o [3]
  .text                  ro code   0x800'2828   0x13a  ldexp.o [4]
  .text                  ro code   0x800'2962     0x2  vector_table_M.o [5]
  .text                  ro code   0x800'2964    0x3a  DblToS32.o [4]
  .rodata                const     0x800'299e     0x1  main.o [1]
  .rodata                const     0x800'299f     0x1  main.o [1]
  .text                  ro code   0x800'29a0    0x22  S32ToDbl.o [4]
  .rodata                const     0x800'29c2     0x1  unwind_debug.o [6]
  .text                  ro code   0x800'29c4    0xe2  DblSub.o [4]
  .text                  ro code   0x800'2aa8   0x246  DblDiv.o [4]
  .text                  ro code   0x800'2cf0    0x28  DblToU32.o [4]
  .text                  ro code   0x800'2d18    0x1a  U32ToDbl.o [4]
  .text                  ro code   0x800'2d34   0x1a2  DblMul.o [4]
  .text                  ro code   0x800'2ed8   0x230  I64DivMod.o [5]
  .text                  ro code   0x800'3108   0x16a  DblAdd.o [4]
  .text                  ro code   0x800'3274     0x2  I64DivZer.o [5]
  .text                  ro code   0x800'3278   0x2e4  main.o [1]
  .text                  ro code   0x800'355c   0x1b2  main.o [1]
  .text                  ro code   0x800'370e    0x9a  main.o [1]
  .text                  ro code   0x800'37a8    0xb0  main.o [1]
  .text                  ro code   0x800'3858     0x6  main.o [1]
  .text                  ro code   0x800'385e    0x12  main.o [1]
  .text                  ro code   0x800'3870     0x4  main.o [1]
  .text                  ro code   0x800'3874    0x72  main.o [1]
  .text                  ro code   0x800'38e6     0x4  main.o [1]
  .text                  ro code   0x800'38ea     0x8  main.o [1]
  .text                  ro code   0x800'38f2     0x4  main.o [1]
  .text                  ro code   0x800'38f6     0x6  main.o [1]
  .text                  ro code   0x800'38fc     0x6  main.o [1]
  .text                  ro code   0x800'3902     0x4  main.o [1]
  .text                  ro code   0x800'3906    0x32  main.o [1]
  .text                  ro code   0x800'3938    0x12  main.o [1]
  .text                  ro code   0x800'394a     0xa  main.o [1]
  .text                  ro code   0x800'3954     0x8  main.o [1]
  .text                  ro code   0x800'395c    0x28  main.o [1]
  .text                  ro code   0x800'3984     0xe  main.o [1]
  .text                  ro code   0x800'3994    0x20  main.o [1]
  .text                  ro code   0x800'39b4     0x8  main.o [1]
  .text                  ro code   0x800'39bc    0x18  main.o [1]
  .text                  ro code   0x800'39d4     0x4  main.o [1]
  .text                  ro code   0x800'39d8    0x48  FltToDbl.o [4]
  .text                  ro code   0x800'3a20    0x18  main.o [1]
  .text                  ro code   0x800'3a38     0x8  main.o [1]
  .text                  ro code   0x800'3a40    0x14  main.o [1]
  .text                  ro code   0x800'3a54     0x4  main.o [1]
  .text                  ro code   0x800'3a58    0x54  main.o [1]
  .text                  ro code   0x800'3aac    0x18  main.o [1]
  .text                  ro code   0x800'3ac4     0xe  main.o [1]
  .text                  ro code   0x800'3ad2     0x4  main.o [1]
  .text                  ro code   0x800'3ad6     0x4  main.o [1]
  .text                  ro code   0x800'3ada    0x18  main.o [1]
  .text                  ro code   0x800'3af2     0x8  main.o [1]
  .text                  ro code   0x800'3afc    0x18  main.o [1]
  .text                  ro code   0x800'3b14    0x28  main.o [1]
  .text                  ro code   0x800'3b3c     0xa  main.o [1]
  .text                  ro code   0x800'3b46    0x14  main.o [1]
  .text                  ro code   0x800'3b5c   0x104  ios.o [3]
  .text                  ro code   0x800'3c60     0x8  main.o [1]
  .text                  ro code   0x800'3c68     0x8  main.o [1]
  .text                  ro code   0x800'3c70    0x54  main.o [1]
  .text                  ro code   0x800'3cc4     0x8  main.o [1]
  .text                  ro code   0x800'3ccc     0x4  delop4_0.o [3]
  .text                  ro code   0x800'3cd0     0xc  main.o [1]
  .text                  ro code   0x800'3cdc    0x48  main.o [1]
  .text                  ro code   0x800'3d24    0x46  main.o [1]
  .text                  ro code   0x800'3d6a     0xa  delop_0.o [3]
  .text                  ro code   0x800'3d74     0x4  heaptramp0.o [2]
  .text                  ro code   0x800'3d78   0x2c0  main.o [1]
  .text                  ro code   0x800'4038    0x22  strcspn.o [2]
  .text                  ro code   0x800'405c    0x20  main.o [1]
  .text                  ro code   0x800'407c     0x6  main.o [1]
  .text                  ro code   0x800'4082    0x2a  main.o [1]
  .text                  ro code   0x800'40ac     0xc  main.o [1]
  .text                  ro code   0x800'40b8    0x12  main.o [1]
  .text                  ro code   0x800'40cc    0x30  main.o [1]
  .text                  ro code   0x800'40fc     0xa  main.o [1]
  .text                  ro code   0x800'4106     0xa  main.o [1]
  .text                  ro code   0x800'4110    0x96  main.o [1]
  .text                  ro code   0x800'41a6     0xa  main.o [1]
  .text                  ro code   0x800'41b0     0xc  main.o [1]
  .text                  ro code   0x800'41bc     0xa  main.o [1]
  .text                  ro code   0x800'41c6    0x2e  main.o [1]
  .text                  ro code   0x800'41f4    0x2e  main.o [1]
  .text                  ro code   0x800'4222    0x12  main.o [1]
  .text                  ro code   0x800'4234    0x18  main.o [1]
  .text                  ro code   0x800'424c     0x8  main.o [1]
  .text                  ro code   0x800'4254    0x7a  main.o [1]
  .text                  ro code   0x800'42ce    0x3a  main.o [1]
  .text                  ro code   0x800'4308     0xc  main.o [1]
  .text                  ro code   0x800'4314    0x18  main.o [1]
  .text                  ro code   0x800'432c     0xa  cxxabi.o [3]
  .text                  ro code   0x800'4336     0xa  main.o [1]
  .text                  ro code   0x800'4340    0x7a  main.o [1]
  .text                  ro code   0x800'43ba    0x12  main.o [1]
  .text                  ro code   0x800'43cc    0x2a  main.o [1]
  .text                  ro code   0x800'43f6    0x28  main.o [1]
  .text                  ro code   0x800'441e     0xc  main.o [1]
  .text                  ro code   0x800'442a     0xa  main.o [1]
  .text                  ro code   0x800'4434     0x2  main.o [1]
  .text                  ro code   0x800'4436    0x2e  main.o [1]
  .text                  ro code   0x800'4464     0x2  main.o [1]
  .text                  ro code   0x800'4466     0x8  main.o [1]
  .text                  ro code   0x800'4470    0x18  main.o [1]
  .text                  ro code   0x800'4488     0xa  main.o [1]
  .text                  ro code   0x800'4492     0x8  main.o [1]
  .text                  ro code   0x800'449a     0x8  main.o [1]
  .text                  ro code   0x800'44a2     0x8  main.o [1]
  .text                  ro code   0x800'44aa     0x8  main.o [1]
  .text                  ro code   0x800'44b2    0x12  main.o [1]
  .text                  ro code   0x800'44c4     0x8  main.o [1]
  .text                  ro code   0x800'44cc     0x8  main.o [1]
  .text                  ro code   0x800'44d4    0x12  main.o [1]
  .text                  ro code   0x800'44e6     0x8  main.o [1]
  .text                  ro code   0x800'44f0    0xa0  cppinit.o [2]
  .text                  ro code   0x800'4590    0x18  main.o [1]
  .text                  ro code   0x800'45a8    0xd6  main.o [1]
  .text                  ro code   0x800'4680    0x78  ABImemmove_unaligned.o [5]
  .text                  ro code   0x800'46f8     0x6  main.o [1]
  .text                  ro code   0x800'46fe    0x10  main.o [1]
  .text                  ro code   0x800'470e     0x8  main.o [1]
  .text                  ro code   0x800'4716    0x12  main.o [1]
  .text                  ro code   0x800'4728     0xc  main.o [1]
  .text                  ro code   0x800'4734    0x1c  main.o [1]
  .text                  ro code   0x800'4750     0x2  main.o [1]
  .text                  ro code   0x800'4752     0x8  main.o [1]
  .text                  ro code   0x800'475a     0x2  main.o [1]
  .text                  ro code   0x800'475c     0xc  main.o [1]
  .text                  ro code   0x800'4768     0x2  main.o [1]
  .text                  ro code   0x800'476c    0x28  main.o [1]
  .text                  ro code   0x800'4794     0x8  main.o [1]
  .text                  ro code   0x800'479c     0x8  main.o [1]
  .text                  ro code   0x800'47a4     0x8  main.o [1]
  .text                  ro code   0x800'47ac     0x2  main.o [1]
  .text                  ro code   0x800'47ae    0x18  main.o [1]
  .text                  ro code   0x800'47c8    0x66  ABImemset.o [5]
  .text                  ro code   0x800'482e     0x2  main.o [1]
  .text                  ro code   0x800'4830     0x2  main.o [1]
  .text                  ro code   0x800'4832     0x8  main.o [1]
  .text                  ro code   0x800'483a     0xa  main.o [1]
  .text                  ro code   0x800'4844     0x2  main.o [1]
  .text                  ro code   0x800'4846     0x8  main.o [1]
  .text                  ro code   0x800'4850    0x70  main.o [1]
  .text                  ro code   0x800'48c0     0x4  main.o [1]
  .text                  ro code   0x800'48c4     0x2  main.o [1]
  .text                  ro code   0x800'48c6     0x8  main.o [1]
  .text                  ro code   0x800'48ce     0xe  main.o [1]
  .text                  ro code   0x800'48dc     0x2  main.o [1]
  .text                  ro code   0x800'48de    0x18  main.o [1]
  .text                  ro code   0x800'48f6     0x2  main.o [1]
  .text                  ro code   0x800'48f8    0x34  main.o [1]
  .text                  ro code   0x800'492c    0x1a  main.o [1]
  .text                  ro code   0x800'4946     0x6  main.o [1]
  .text                  ro code   0x800'494c    0x12  main.o [1]
  .text                  ro code   0x800'495e    0x20  main.o [1]
  .text                  ro code   0x800'4980    0x24  newop_0.o [3]
  .text                  ro code   0x800'49a4     0x4  main.o [1]
  .text                  ro code   0x800'49a8     0x4  nomemory.o [3]
  .text                  ro code   0x800'49ac   0x23a  main.o [1]
  .text                  ro code   0x800'4be8   0x190  main.o [1]
  .text                  ro code   0x800'4d78     0x4  main.o [1]
  .text                  ro code   0x800'4d7c    0x20  DblCmpEq.o [4]
  .text                  ro code   0x800'4d9c    0xd2  main.o [1]
  .text                  ro code   0x800'4e70    0x40  sprintf.o [2]
  .text                  ro code   0x800'4eb0    0xa0  main.o [1]
  .text                  ro code   0x800'4f50    0x90  iostream_cout.o [3]
  .text                  ro code   0x800'4fe0    0x5c  iostream_cout.o [3]
  .text                  ro code   0x800'503c    0x7c  main.o [1]
  .text                  ro code   0x800'50b8    0x22  main.o [1]
  .text                  ro code   0x800'50da    0x6c  main.o [1]
  .text                  ro code   0x800'5146    0x76  main.o [1]
  .text                  ro code   0x800'51bc    0x60  iostream_cout.o [3]
  .text                  ro code   0x800'521c    0x58  main.o [1]
  .text                  ro code   0x800'5274    0x52  main.o [1]
  .text                  ro code   0x800'52c6    0x32  main.o [1]
  .rodata                const     0x800'52f8    0x44  iostream_cout.o [3]
  .rodata                const     0x800'533c    0x44  iostream_cout.o [3]
  .text                  ro code   0x800'5380    0x38  iostream_cout.o [3]
  .text                  ro code   0x800'53b8    0x20  putchar.o [2]
  .text                  ro code   0x800'53d8    0x10  write.o [6]
  .text                  ro code   0x800'53e8    0x1e  dwrite.o [6]
  .text                  ro code   0x800'5406    0x20  iarwstd.o [6]
  .text                  ro code   0x800'5426    0x22  iarwrite.o [6]
  .rodata                const     0x800'5448    0x30  main.o [1]
  .rodata                const     0x800'5478    0x30  main.o [1]
  .text                  ro code   0x800'54a8    0x2e  main.o [1]
  .text                  ro code   0x800'54d6    0x12  main.o [1]
  .rodata                const     0x800'54e8    0x28  iostream_cout.o [3]
  .text                  ro code   0x800'5510    0x28  data_init.o [5]
  .rodata                const     0x800'5538    0x24  main.o [1]
  .rodata                const     0x800'555c    0x24  main.o [1]
  .text                  ro code   0x800'5580    0x24  main.o [1]
  .text                  ro code   0x800'55a4    0x18  main.o [1]
  .text                  ro code   0x800'55bc    0x22  fpinit_M.o [4]
  .iar.init_table        const     0x800'55e0    0x28  - Linker created -
  .text                  ro code   0x800'5608    0x20  cmain_call_ctors.o [5]
  .text                  ro code   0x800'5628    0x1e  cmain.o [5]
  .text                  ro code   0x800'5646     0x4  exit.o [2]
  .text                  ro code   0x800'564c     0xe  cexit.o [5]
  .text                  ro code   0x800'565c    0x18  main.o [1]
  .text                  ro code   0x800'5674    0x18  main.o [1]
  .text                  ro code   0x800'568c     0x4  delaop_0.o [3]
  .text                  ro code   0x800'5690    0x14  iostream_cout.o [3]
  .rodata                const     0x800'56a4    0x10  main.o [1]
  .rodata                const     0x800'56b4    0x10  main.o [1]
  .rodata                const     0x800'56c4    0x10  ios.o [3]
  .rodata                const     0x800'56d4    0x10  iostream_cout.o [3]
  .text                  ro code   0x800'56e4     0xe  main.o [1]
  .text                  ro code   0x800'56f2     0x8  main.o [1]
  .text                  ro code   0x800'56fa     0xe  iostream_cout.o [3]
  .rodata                const     0x800'5708     0xc  main.o [1]
  .text                  ro code   0x800'5714     0xc  cstartup_M.o [5]
  .text                  ro code   0x800'5720     0xa  main.o [1]
  .rodata                const     0x800'572c     0x8  main.o [1]
  .rodata                const     0x800'5734     0x8  main.o [1]
  .rodata                const     0x800'573c     0x8  main.o [1]
  .rodata                const     0x800'5744     0x8  xprintffull_nomb.o [2]
  SHT$$PREINIT_ARRAY               0x800'574c     0x4  <Block>
    .preinit_array       const     0x800'574c     0x4  iostream_cout.o [3]
  SHT$$INIT_ARRAY                  0x800'5750     0x4  <Block>
    .init_array          const     0x800'5750     0x4  ios.o [3]
  __iar_tls$$INIT_ARRAY            0x800'5754     0x0  <Block>
  Initializer bytes      const     0x800'5754     0x8  <for P2-1>
  .rodata                const     0x800'575c     0x4  main.o [1]
  .rodata                const     0x800'5760     0x4  main.o [1]
  .rodata                const     0x800'5764     0x4  main.o [1]
  .text                  ro code   0x800'5768     0x4  main.o [1]
  .text                  ro code   0x800'576c     0x4  main.o [1]
  .text                  ro code   0x800'5770     0x4  iostream_cout.o [3]
  .text                  ro code   0x800'5774     0x0  cstart_call_dtors.o [5]
  .rodata                const     0x800'5774     0x0  zero_init3.o [5]
  .rodata                const     0x800'5774     0x0  copy_init3.o [5]
                                 - 0x800'5774  0x5734

"P2", part 1 of 3:                                0x8
  P2-1                            0x2000'0000     0x8  <Init block>
    .data                inited   0x2000'0000     0x8  XShttio.o [2]
                                - 0x2000'0008     0x8

"P2", part 2 of 3:                              0x2d8
  .bss                   zero     0x2000'0008   0x1d8  dlmalloc.o [2]
  .bss                   zero     0x2000'01e0    0x70  iostream_cout.o [3]
  .bss                   zero     0x2000'0250    0x34  ios.o [3]
  .bss                   zero     0x2000'0284    0x18  dlmalloc.o [2]
  .bss                   zero     0x2000'029c    0x14  main.o [1]
  .bss                   zero     0x2000'02b0    0x10  ios.o [3]
  .bss                   zero     0x2000'02c0     0x4  main.o [1]
  .bss                   zero     0x2000'02c4     0x4  main.o [1]
  .bss                   zero     0x2000'02c8     0x4  cppinit.o [2]
  .bss                   zero     0x2000'02cc     0x4  cppinit.o [2]
  .bss                   zero     0x2000'02d0     0x4  new.o [3]
  .bss                   zero     0x2000'02d4     0x4  xgetmemchunk.o [2]
  .bss                   zero     0x2000'02d8     0x4  xfail_s.o [2]
  .bss                   zero     0x2000'02dc     0x1  main.o [1]
  .bss                   zero     0x2000'02dd     0x1  main.o [1]
  .bss                   zero     0x2000'02de     0x1  main.o [1]
  .bss                   zero     0x2000'02df     0x1  XShttio.o [2]
                                - 0x2000'02e0   0x2d8

"P2", part 3 of 3:                             0x41a8
  .iar.dynexit                    0x2000'02e0   0x1a4  <Block>
    .iar.dynexit         uninit   0x2000'02e0     0xc  cppinit.o [2]
    .iar.dynexit         uninit   0x2000'02ec   0x198  <Block tail>
  CSTACK                          0x2000'0488  0x2000  <Block>
    CSTACK               uninit   0x2000'0488  0x2000  <Block tail>
  HEAP                            0x2000'2488  0x2000  <Block>
    HEAP                 uninit   0x2000'2488  0x2000  <Block tail>
                                - 0x2000'4488  0x41a8

Unused ranges:

         From           To      Size
         ----           --      ----
   0x800'5774   0x807'ffff  0x7'a88c
  0x2000'4488  0x2001'ffff  0x1'bb78


*******************************************************************************
*** INIT TABLE
***

          Address      Size
          -------      ----
Zero (__iar_zero_init3)
    1 destination range, total size 0x2d8:
          0x2000'0008  0x2d8

Copy (__iar_copy_init3)
    1 source range, total size 0x8:
           0x800'5754    0x8
    1 destination range, total size 0x8:
          0x2000'0000    0x8

Extra (__iar_cstart_call_ctors)



*******************************************************************************
*** MODULE SUMMARY
***

    Module                  ro code  ro data  rw data
    ------                  -------  -------  -------
command line/config:
    -------------------------------------------------
    Total:

D:\Bogdan\ÞÓðÃÓ\Lab6\Debug\Obj: [1]
    main.o                    7'260      252       31
    -------------------------------------------------
    Total:                    7'260      252       31

dl7M_tln.a: [2]
    XShttio.o                    60        8        9
    abort.o                       6
    cppinit.o                   160                20
    dlmalloc.o                5'276               496
    exit.o                        4
    heaptramp0.o                  4
    putchar.o                    32
    sprintf.o                    64
    strcspn.o                    34
    xfail_s.o                    64                 4
    xgetmemchunk.o               44                 4
    xprintffull_nomb.o        4'010        8
    xsprout.o                    10
    -------------------------------------------------
    Total:                    9'768       16      533

dlpp7M_tl_nc.a: [3]
    cxxabi.o                     10
    delaop_0.o                    4
    delop4_0.o                    4
    delop_0.o                    10
    ios.o                       260       20       68
    iostream_cout.o             436      196      112
    new.o                                           4
    newop_0.o                    36
    nomemory.o                    4
    -------------------------------------------------
    Total:                      764      216      184

m7M_tls.a: [4]
    DblAdd.o                    362
    DblCmpEq.o                   32
    DblCmpGe.o                   46
    DblCmpLe.o                   46
    DblDiv.o                    582
    DblMul.o                    418
    DblSub.o                    226
    DblToS32.o                   58
    DblToU32.o                   40
    FltToDbl.o                   72
    S32ToDbl.o                   34
    U32ToDbl.o                   26
    fpinit_M.o                   34
    frexp.o                     112
    ldexp.o                     314
    -------------------------------------------------
    Total:                    2'402

rt7M_tl.a: [5]
    ABImemcpy_unaligned.o       118
    ABImemmove_unaligned.o      120
    ABImemset.o                 102
    I64DivMod.o                 560
    I64DivZer.o                   2
    cexit.o                      14
    cmain.o                      30
    cmain_call_ctors.o           32
    copy_init3.o                 46
    cstart_call_dtors.o
    cstartup_M.o                 12
    data_init.o                  40
    memchr.o                     88
    strchr.o                     22
    strlen.o                     54
    vector_table_M.o             66
    zero_init3.o                 58
    -------------------------------------------------
    Total:                    1'364

shb_l.a: [6]
    dwrite.o                     30
    exit.o                       20
    iarttio.o                   124
    iarwrite.o                   34
    iarwstd.o                    32
    unwind_debug.o                         1
    write.o                      16
    -------------------------------------------------
    Total:                      256        1

    Gaps                         45        4
    Linker created                        40   16'792
-----------------------------------------------------
    Grand Total:             21'859      529   17'540


*******************************************************************************
*** ENTRY LIST
***

Entry                       Address   Size  Type      Object
-----                       -------   ----  ----      ------
.iar.dynexit$$Base      0x2000'02e0          --   Gb  - Linker created -
.iar.dynexit$$Limit     0x2000'0484          --   Gb  - Linker created -
.iar.init_table$$Base    0x800'55e0          --   Gb  - Linker created -
.iar.init_table$$Limit   0x800'5608          --   Gb  - Linker created -
?main                    0x800'5629         Code  Gb  cmain.o [5]
CSTACK$$Base            0x2000'0488          --   Gb  - Linker created -
CSTACK$$Limit           0x2000'2488          --   Gb  - Linker created -
DtorRecArray            0x2000'02e0    0xc  Data  Lc  cppinit.o [2]
HEAP$$Base              0x2000'2488          --   Gb  - Linker created -
HEAP$$Limit             0x2000'4488          --   Gb  - Linker created -
Initialization guard variable for std::ctype<char> const & std::use_facet<std::ctype<char>>()::_MyFacet
                        0x2000'02dd    0x1  Data  Gb  main.o [1]
Initialization guard variable for std::num_put<char, std::ostreambuf_iterator<char, std::char_traits<char>>> const & std::use_facet<std::num_put<char, std::ostreambuf_iterator<char, std::char_traits<char>>>>()::_MyFacet
                        0x2000'02dc    0x1  Data  Gb  main.o [1]
Initialization guard variable for std::numpunct<char> const & std::use_facet<std::numpunct<char>>()::_MyFacet
                        0x2000'02de    0x1  Data  Gb  main.o [1]
Region$$Table$$Base      0x800'55e0          --   Gb  - Linker created -
Region$$Table$$Limit     0x800'5608          --   Gb  - Linker created -
SHT$$INIT_ARRAY$$Base    0x800'5750          --   Gb  - Linker created -
SHT$$INIT_ARRAY$$Limit   0x800'5754          --   Gb  - Linker created -
SHT$$PREINIT_ARRAY$$Base
                         0x800'574c          --   Gb  - Linker created -
SHT$$PREINIT_ARRAY$$Limit
                         0x800'5750          --   Gb  - Linker created -
Virtual function table for std::_Wrap_facet<std::ctype<char>>
                         0x800'56b4   0x10  Data  Gb  main.o [1]
Virtual function table for std::_Wrap_facet<std::num_put<char, std::ostreambuf_iterator<char, std::char_traits<char>>>>
                         0x800'5478   0x30  Data  Gb  main.o [1]
Virtual function table for std::_Wrap_facet<std::numpunct<char>>
                         0x800'555c   0x24  Data  Gb  main.o [1]
Virtual function table for std::__nobasic_filebuf<char, std::char_traits<char>>
                         0x800'533c   0x44  Data  Gb  iostream_cout.o [3]
Virtual function table for std::ctype<char>
                         0x800'56a4   0x10  Data  Gb  main.o [1]
Virtual function table for std::ios
                         0x800'56d4   0x10  Data  Gb  iostream_cout.o [3]
Virtual function table for std::ios_base
                         0x800'56c4   0x10  Data  Gb  ios.o [3]
Virtual function table for std::num_put<char, std::ostreambuf_iterator<char, std::char_traits<char>>>
                         0x800'5448   0x30  Data  Gb  main.o [1]
Virtual function table for std::numpunct<char>
                         0x800'5538   0x24  Data  Gb  main.o [1]
Virtual function table for std::ostream
                         0x800'54e8   0x28  Data  Gb  iostream_cout.o [3]
Virtual function table for std::streambuf
                         0x800'52f8   0x44  Data  Gb  iostream_cout.o [3]
[local to ios_cpp]::std::stdopens
                        0x2000'0250    0xc  Data  Lc  ios.o [3]
[local to ios_cpp]::std::stdstr
                        0x2000'025c   0x28  Data  Lc  ios.o [3]
[local to iostream_cout_cpp]::std::__iarcoutguard
                        0x2000'020c    0x1  Data  Lc  iostream_cout.o [3]
[local to iostream_cout_cpp]::std::fout
                        0x2000'0210   0x40  Data  Lc  iostream_cout.o [3]
_LitobFullNoMb           0x800'23b9  0x10a  Code  Lc  xprintffull_nomb.o [2]
_PrintfFullNoMb          0x800'1615  0xd80  Code  Gb  xprintffull_nomb.o [2]
_PutcharFullNoMb         0x800'2529   0x20  Code  Lc  xprintffull_nomb.o [2]
_PutcharsFullNoMb        0x800'2549   0x2e  Code  Lc  xprintffull_nomb.o [2]
_SProut                  0x800'2603    0xa  Code  Gb  xsprout.o [2]
__aeabi_atexit           0x800'432d    0xa  Code  Gb  cxxabi.o [3]
__aeabi_cdcmpeq          0x800'4d7d         Code  Gb  DblCmpEq.o [4]
__aeabi_cdcmple          0x800'27c9         Code  Gb  DblCmpLe.o [4]
__aeabi_cdrcmple         0x800'27f9         Code  Gb  DblCmpGe.o [4]
__aeabi_d2iz             0x800'2965         Code  Gb  DblToS32.o [4]
__aeabi_d2uiz            0x800'2cf1         Code  Gb  DblToU32.o [4]
__aeabi_ddiv             0x800'2aa9         Code  Gb  DblDiv.o [4]
__aeabi_dmul             0x800'2d35         Code  Gb  DblMul.o [4]
__aeabi_dsub             0x800'29c5         Code  Gb  DblSub.o [4]
__aeabi_f2d              0x800'39d9         Code  Gb  FltToDbl.o [4]
__aeabi_i2d              0x800'29a1         Code  Gb  S32ToDbl.o [4]
__aeabi_ldiv0            0x800'3275         Code  Gb  I64DivZer.o [5]
__aeabi_memset           0x800'47c9         Code  Gb  ABImemset.o [5]
__aeabi_ui2d             0x800'2d19         Code  Gb  U32ToDbl.o [4]
__aeabi_uldivmod         0x800'2ed9         Code  Gb  I64DivMod.o [5]
__call_ctors             0x800'44f1   0x18  Code  Gb  cppinit.o [2]
__call_dtors             0x800'453f    0xc  Code  Gb  cppinit.o [2]
__call_dtors0            0x800'454b   0x36  Code  Gb  cppinit.o [2]
__cexit_call_dtors       0x800'564f         Code  Gb  cexit.o [5]
__cmain                  0x800'5629         Code  Gb  cmain.o [5]
__cstart_call_dtors      0x800'5774         Data  Gb  cstart_call_dtors.o [5]
__cxa_atexit             0x800'4509   0x36  Code  Gb  cppinit.o [2]
__data_GetMemChunk       0x800'151d   0x2c  Code  Gb  xgetmemchunk.o [2]
__data_GetMemChunk::start
                        0x2000'02d4    0x4  Data  Lc  xgetmemchunk.o [2]
__dso_handle            0x2000'02cc    0x4  Data  Gb  cppinit.o [2]
__dwrite                 0x800'53e9   0x1e  Code  Gb  dwrite.o [6]
__exit                   0x800'1549   0x14  Code  Gb  exit.o [6]
__iar_Fail_s             0x800'260d   0x1c  Code  Gb  xfail_s.o [2]
__iar_Memchr             0x800'2689         Code  Gb  memchr.o [5]
__iar_Memset             0x800'47c9         Code  Gb  ABImemset.o [5]
__iar_Memset_word        0x800'47d1         Code  Gb  ABImemset.o [5]
__iar_Strchr             0x800'25ed         Code  Gb  strchr.o [5]
__iar_close_ttio         0x800'155d   0x2c  Code  Gb  iarttio.o [6]
__iar_copy_init3         0x800'25bf   0x2e  Code  Gb  copy_init3.o [5]
__iar_cstart_call_ctors
                         0x800'5609   0x20  Code  Gb  cmain_call_ctors.o [5]
__iar_dadd               0x800'29d5         Code  Gb  DblSub.o [4]
__iar_data_init3         0x800'5511   0x28  Code  Gb  data_init.o [5]
__iar_debug_exceptions   0x800'29c2    0x1  Data  Gb  unwind_debug.o [6]
__iar_dlfree             0x800'0fb7  0x51e  Code  Gb  dlmalloc.o [2]
__iar_dlmalloc           0x800'00c9  0xeee  Code  Gb  dlmalloc.o [2]
__iar_dsub               0x800'3109         Code  Gb  DblAdd.o [4]
__iar_dsubStart          0x800'311b         Code  Gb  DblAdd.o [4]
__iar_frexp              0x800'2765         Code  Gb  frexp.o [4]
__iar_frexpl             0x800'2765         Code  Gb  frexp.o [4]
__iar_get_ttio           0x800'1589   0x4c  Code  Gb  iarttio.o [6]
__iar_init_vfp           0x800'55bd         Code  Gb  fpinit_M.o [4]
__iar_ldexp64            0x800'2829         Code  Gb  ldexp.o [4]
__iar_lookup_ttioh       0x800'1607    0x4  Code  Gb  XShttio.o [2]
__iar_program_start      0x800'5715         Code  Gb  cstartup_M.o [5]
__iar_scalbln64          0x800'2829         Code  Gb  ldexp.o [4]
__iar_scalbn64           0x800'2829         Code  Gb  ldexp.o [4]
__iar_sh_stdout          0x800'5407   0x20  Code  Gb  iarwstd.o [6]
__iar_sh_write           0x800'5427   0x22  Code  Gb  iarwrite.o [6]
__iar_softfp___iar_frexp64
                         0x800'2759         Code  Gb  frexp.o [4]
__iar_softfp_frexp       0x800'2759         Code  Gb  frexp.o [4]
__iar_softfp_frexpl      0x800'2759         Code  Gb  frexp.o [4]
__iar_tls$$INIT_ARRAY$$Base
                         0x800'5754          --   Gb  - Linker created -
__iar_tls$$INIT_ARRAY$$Limit
                         0x800'5754          --   Gb  - Linker created -
__iar_ttio_guard_lock    0x800'15d9   0x1e  Code  Gb  XShttio.o [2]
__iar_ttio_guard_unlock
                         0x800'15f7   0x10  Code  Gb  XShttio.o [2]
__iar_ttio_handles      0x2000'0000    0x8  Data  Lc  XShttio.o [2]
__iar_unaligned_memcpy   0x800'26e1         Code  Gb  ABImemcpy_unaligned.o [5]
__iar_unaligned_memcpy4
                         0x800'2701         Code  Gb  ABImemcpy_unaligned.o [5]
__iar_unaligned_memcpy8
                         0x800'2701         Code  Gb  ABImemcpy_unaligned.o [5]
__iar_unaligned_memmove
                         0x800'4681         Code  Gb  ABImemmove_unaligned.o [5]
__iar_unaligned_memmove4
                         0x800'4681         Code  Gb  ABImemmove_unaligned.o [5]
__iar_unaligned_memmove8
                         0x800'4681         Code  Gb  ABImemmove_unaligned.o [5]
__iar_zero_init3         0x800'14e3   0x3a  Code  Gb  zero_init3.o [5]
__low_level_init         0x800'3279  0x13e  Code  Gb  main.o [1]
__sti__routine           0x800'3b5f    0xa  Code  Lc  ios.o [3]
__sti__routine           0x800'4f51   0x90  Code  Lc  iostream_cout.o [3]
__vector_table           0x800'0000         Data  Gb  vector_table_M.o [5]
__write                  0x800'53d9   0x10  Code  Gb  write.o [6]
_call_main               0x800'5635         Code  Gb  cmain.o [5]
_exit                    0x800'564d         Code  Gb  cexit.o [5]
_gm_                    0x2000'0008  0x1d8  Data  Lc  dlmalloc.o [2]
_main                    0x800'5643         Code  Gb  cmain.o [5]
abort                    0x800'14dd    0x6  Code  Gb  abort.o [2]
char * && std::forward<char *>(std::remove_reference<char *>::type &)
                         0x800'48dd    0x2  Code  Gb  main.o [1]
char * std::_Addressof<char>(char &, std::integral_constant<bool, (bool)0>)
                         0x800'475b    0x2  Code  Gb  main.o [1]
char * std::_Allocate<char>(unsigned int, char *, bool)
                         0x800'494d   0x12  Code  Gb  main.o [1]
char * std::_Maklocstr<char>(char const *, char *)
                         0x800'48f9   0x34  Code  Gb  main.o [1]
char * std::addressof<char>(char &)
                         0x800'44ab    0x8  Code  Gb  main.o [1]
char std::_Maklocchr<char>(char, char *)
                         0x800'48c1    0x4  Code  Gb  main.o [1]
const std::allocator<char>& && std::forward<const std::allocator<char>&>(std::remove_reference<const std::allocator<char>&>::type &)
                         0x800'4831    0x2  Code  Gb  main.o [1]
exit                     0x800'5647    0x4  Code  Gb  exit.o [2]
free                     0x800'3d75    0x4  Code  Gb  heaptramp0.o [2]
init_mparams             0x800'005b   0x2c  Code  Lc  dlmalloc.o [2]
init_top                 0x800'0087   0x34  Code  Lc  dlmalloc.o [2]
ldexp                    0x800'2829         Code  Gb  ldexp.o [4]
ldexpl                   0x800'2829         Code  Gb  ldexp.o [4]
main                     0x800'33b9  0x12e  Code  Gb  main.o [1]
memchr                   0x800'2689         Code  Gb  memchr.o [5]
mparams                 0x2000'0284   0x18  Data  Lc  dlmalloc.o [2]
next_abi_dtor_rec       0x2000'02c8    0x4  Data  Lc  cppinit.o [2]
operator delete (void *)
                         0x800'3d6b    0xa  Code  Gb  delop_0.o [3]
operator delete (void *, unsigned int)
                         0x800'3ccd    0x4  Code  Gb  delop4_0.o [3]
operator delete[] (void *)
                         0x800'568d    0x4  Code  Gb  delaop_0.o [3]
operator new (unsigned int)
                         0x800'4981   0x24  Code  Gb  newop_0.o [3]
operator new (unsigned int, void *)
                         0x800'49a5    0x4  Code  Gb  main.o [1]
putchar                  0x800'53b9   0x20  Code  Gb  putchar.o [2]
scalbln                  0x800'2829         Code  Gb  ldexp.o [4]
scalblnl                 0x800'2829         Code  Gb  ldexp.o [4]
scalbn                   0x800'2829         Code  Gb  ldexp.o [4]
scalbnl                  0x800'2829         Code  Gb  ldexp.o [4]
scale                    0x800'24c3   0x46  Code  Lc  xprintffull_nomb.o [2]
sec_hand                0x2000'02d8    0x4  Data  Lc  xfail_s.o [2]
segment_holding          0x800'0041   0x1a  Code  Lc  dlmalloc.o [2]
sprintf                  0x800'4e71   0x40  Code  Gb  sprintf.o [2]
std::_Compressed_pair<std::_Wrap_alloc<std::allocator<char>>, std::_String_val<std::_Simple_types<char>>, (bool)1>::_Compressed_pair<const std::allocator<char>&, >(std::_One_then_variadic_args_t, const std::allocator<char>& &&,  &&...)
                         0x800'4735   0x1c  Code  Gb  main.o [1]
std::_Compressed_pair<std::_Wrap_alloc<std::allocator<char>>, std::_String_val<std::_Simple_types<char>>, (bool)1>::_Get_first()
                         0x800'4751    0x2  Code  Gb  main.o [1]
std::_Compressed_pair<std::_Wrap_alloc<std::allocator<char>>, std::_String_val<std::_Simple_types<char>>, (bool)1>::_Get_first() const
                         0x800'48c5    0x2  Code  Gb  main.o [1]
std::_Compressed_pair<std::_Wrap_alloc<std::allocator<char>>, std::_String_val<std::_Simple_types<char>>, (bool)1>::_Get_second()
                         0x800'4769    0x2  Code  Gb  main.o [1]
std::_Compressed_pair<std::_Wrap_alloc<std::allocator<char>>, std::_String_val<std::_Simple_types<char>>, (bool)1>::_Get_second() const
                         0x800'482f    0x2  Code  Gb  main.o [1]
std::_Fpz               0x2000'02b0   0x10  Data  Gb  ios.o [3]
std::_NomemoryNothrow()
                         0x800'49a9    0x4  Code  Gb  nomemory.o [3]
std::_String_alloc<std::_String_base_types<char, std::allocator<char>>>::_Bx()
                         0x800'4493    0x8  Code  Gb  main.o [1]
std::_String_alloc<std::_String_base_types<char, std::allocator<char>>>::_Get_data()
                         0x800'44cd    0x8  Code  Gb  main.o [1]
std::_String_alloc<std::_String_base_types<char, std::allocator<char>>>::_Get_data() const
                         0x800'470f    0x8  Code  Gb  main.o [1]
std::_String_alloc<std::_String_base_types<char, std::allocator<char>>>::_Getal()
                         0x800'449b    0x8  Code  Gb  main.o [1]
std::_String_alloc<std::_String_base_types<char, std::allocator<char>>>::_Getal() const
                         0x800'4795    0x8  Code  Gb  main.o [1]
std::_String_alloc<std::_String_base_types<char, std::allocator<char>>>::_Myptr()
                         0x800'4309    0xc  Code  Gb  main.o [1]
std::_String_alloc<std::_String_base_types<char, std::allocator<char>>>::_Myptr() const
                         0x800'441f    0xc  Code  Gb  main.o [1]
std::_String_alloc<std::_String_base_types<char, std::allocator<char>>>::_Myres()
                         0x800'4489    0xa  Code  Gb  main.o [1]
std::_String_alloc<std::_String_base_types<char, std::allocator<char>>>::_Mysize()
                         0x800'4337    0xa  Code  Gb  main.o [1]
std::_String_alloc<std::_String_base_types<char, std::allocator<char>>>::_Mysize() const
                         0x800'442b    0xa  Code  Gb  main.o [1]
std::_String_alloc<std::_String_base_types<char, std::allocator<char>>>::_String_alloc(const std::allocator<char>&)
                         0x800'4471   0x18  Code  Gb  main.o [1]
std::_String_alloc<std::_String_base_types<char, std::allocator<char>>>::_String_alloc(const std::allocator<char>&) [subobject]
                         0x800'424d    0x8  Code  Gb  main.o [1]
std::_String_val<std::_Simple_types<char>>::_Myptr()
                         0x800'44d5   0x12  Code  Gb  main.o [1]
std::_String_val<std::_Simple_types<char>>::_Myptr() const
                         0x800'4717   0x12  Code  Gb  main.o [1]
std::_String_val<std::_Simple_types<char>>::_String_val()
                         0x800'483b    0xa  Code  Gb  main.o [1]
std::_Wrap_alloc<std::allocator<char>>::_Wrap_alloc(const std::allocator<char>&)
                         0x800'48f7    0x2  Code  Gb  main.o [1]
std::_Wrap_alloc<std::allocator<char>>::_Wrap_alloc(const std::allocator<char>&) [subobject]
                         0x800'4833    0x8  Code  Gb  main.o [1]
std::_Wrap_alloc<std::allocator<char>>::allocate(unsigned int)
                         0x800'47a5    0x8  Code  Gb  main.o [1]
std::_Wrap_alloc<std::allocator<char>>::deallocate(char *, unsigned int)
                         0x800'44c5    0x8  Code  Gb  main.o [1]
std::_Wrap_alloc<std::allocator<char>>::max_size(std::_Nil) const
                         0x800'479d    0x8  Code  Gb  main.o [1]
std::_Wrap_facet<std::ctype<char>>::_Wrap_facet()
                         0x800'4235   0x18  Code  Gb  main.o [1]
std::_Wrap_facet<std::num_put<char, std::ostreambuf_iterator<char, std::char_traits<char>>>>::_Wrap_facet()
                         0x800'3afd   0x18  Code  Gb  main.o [1]
std::_Wrap_facet<std::numpunct<char>>::_Wrap_facet()
                         0x800'4315   0x18  Code  Gb  main.o [1]
std::_Wrap_facet<std::numpunct<char>>::~_Wrap_facet()
                         0x800'56e5    0xe  Code  Gb  main.o [1]
std::__iar_New_hand     0x2000'02d0    0x4  Data  Gb  new.o [3]
std::__iar_cout_guard::~__iar_cout_guard()
                         0x800'5691   0x14  Code  Gb  iostream_cout.o [3]
std::__nobasic_filebuf<char, std::char_traits<char>>::__nobasic_filebuf()
                         0x800'4fe1   0x5c  Code  Gb  iostream_cout.o [3]
std::__nobasic_filebuf<char, std::char_traits<char>>::overflow(int)
                         0x800'5381   0x38  Code  Gb  iostream_cout.o [3]
std::allocator<char>::allocate(unsigned int)
                         0x800'48cf    0xe  Code  Gb  main.o [1]
std::allocator<char>::deallocate(char *, unsigned int)
                         0x800'475d    0xc  Code  Gb  main.o [1]
std::allocator<char>::max_size() const
                         0x800'4947    0x6  Code  Gb  main.o [1]
std::allocator_traits<std::allocator<char>>::max_size(const std::allocator<char>&)
                         0x800'48c7    0x8  Code  Gb  main.o [1]
std::char_traits<char>::assign(char &, char const &)
                         0x800'46f9    0x6  Code  Gb  main.o [1]
std::char_traits<char>::assign(char *, unsigned int, char)
                         0x800'46ff   0x10  Code  Gb  main.o [1]
std::char_traits<char>::copy(char *, char const *, unsigned int)
                         0x800'44b3   0x12  Code  Gb  main.o [1]
std::char_traits<char>::eq_int_type(int const &, int const &)
                         0x800'3939   0x12  Code  Gb  main.o [1]
std::char_traits<char>::length(char const *)
                         0x800'385f   0x12  Code  Gb  main.o [1]
std::char_traits<char>::move(char *, char const *, unsigned int)
                         0x800'43bb   0x12  Code  Gb  main.o [1]
std::char_traits<char>::to_int_type(char const &)
                         0x800'3ad3    0x4  Code  Gb  main.o [1]
std::cout               0x2000'01e0   0x2c  Data  Gb  iostream_cout.o [3]
std::ctype<char> const & std::use_facet<std::ctype<char>>()
                         0x800'405d   0x20  Code  Gb  main.o [1]
std::ctype<char> const & std::use_facet<std::ctype<char>>()::_MyFacet
                        0x2000'02c4    0x4  Data  Gb  main.o [1]
std::ctype<char>::ctype()
                         0x800'4729    0xc  Code  Gb  main.o [1]
std::ctype<char>::ctype() [subobject]
                         0x800'4467    0x8  Code  Gb  main.o [1]
std::ctype<char>::widen(char const *, char const *, char *) const
                         0x800'40b9   0x12  Code  Gb  main.o [1]
std::ctype<char>::widen(char) const
                         0x800'407d    0x6  Code  Gb  main.o [1]
std::ios::clear(std::_Iosb<int>::_Iostate, bool)
                         0x800'3adb   0x18  Code  Gb  main.o [1]
std::ios::fill() const   0x800'38fd    0x6  Code  Gb  main.o [1]
std::ios::rdbuf() const
                         0x800'3903    0x4  Code  Gb  main.o [1]
std::ios::setstate(std::_Iosb<int>::_Iostate, bool)
                         0x800'395d   0x28  Code  Gb  main.o [1]
std::ios::tie() const    0x800'3a55    0x4  Code  Gb  main.o [1]
std::ios::widen(char) const
                         0x800'54d7   0x12  Code  Gb  main.o [1]
std::ios_base::_Addstd(std::ios_base*)
                         0x800'3bc9   0x36  Code  Gb  ios.o [3]
std::ios_base::_Callfns(std::ios_base::event)
                         0x800'3bad   0x1c  Code  Gb  ios.o [3]
std::ios_base::_Init()   0x800'3c0d   0x1c  Code  Gb  ios.o [3]
std::ios_base::_Tidy()   0x800'3c29   0x38  Code  Gb  ios.o [3]
std::ios_base::clear(std::_Iosb<int>::_Iostate, bool)
                         0x800'3b69   0x20  Code  Gb  ios.o [3]
std::ios_base::flags() const
                         0x800'38f3    0x4  Code  Gb  main.o [1]
std::ios_base::good() const
                         0x800'3a41   0x14  Code  Gb  main.o [1]
std::ios_base::precision() const
                         0x800'4d79    0x4  Code  Gb  main.o [1]
std::ios_base::rdstate() const
                         0x800'3ad7    0x4  Code  Gb  main.o [1]
std::ios_base::width() const
                         0x800'3871    0x4  Code  Gb  main.o [1]
std::ios_base::width(int)
                         0x800'3955    0x8  Code  Gb  main.o [1]
std::ios_base::~ios_base()
                         0x800'3b89   0x24  Code  Gb  ios.o [3]
std::ios_base::~ios_base() [subobject]
                         0x800'3b5d    0x2  Code  Gb  ios.o [3]
std::num_put<char, std::ostreambuf_iterator<char, std::char_traits<char>>> const & std::use_facet<std::num_put<char, std::ostreambuf_iterator<char, std::char_traits<char>>>>()
                         0x800'3995   0x20  Code  Gb  main.o [1]
std::num_put<char, std::ostreambuf_iterator<char, std::char_traits<char>>> const & std::use_facet<std::num_put<char, std::ostreambuf_iterator<char, std::char_traits<char>>>>()::_MyFacet
                        0x2000'02c0    0x4  Data  Gb  main.o [1]
std::num_put<char, std::ostreambuf_iterator<char, std::char_traits<char>>>::_Ffmt(char *, char, std::_Iosb<int>::_Fmtflags) const
                         0x800'4d9d   0xd2  Code  Gb  main.o [1]
std::num_put<char, std::ostreambuf_iterator<char, std::char_traits<char>>>::_Fput(std::ostreambuf_iterator<char, std::char_traits<char>>, std::ios_base &, char, char const *, unsigned int, unsigned int, unsigned int, unsigned int) const
                         0x800'3d79  0x2c0  Code  Gb  main.o [1]
std::num_put<char, std::ostreambuf_iterator<char, std::char_traits<char>>>::_Fput(std::ostreambuf_iterator<char, std::char_traits<char>>, std::ios_base &, char, char const *, unsigned int, unsigned int, unsigned int, unsigned int) const::string
                         0x800'5760    0x4  Data  Gb  main.o [1]
std::num_put<char, std::ostreambuf_iterator<char, std::char_traits<char>>>::_Fput(std::ostreambuf_iterator<char, std::char_traits<char>>, std::ios_base &, char, char const *, unsigned int, unsigned int, unsigned int, unsigned int) const::string (instance 2)
                         0x800'5764    0x4  Data  Gb  main.o [1]
std::num_put<char, std::ostreambuf_iterator<char, std::char_traits<char>>>::_Ifmt(char *, char const *, std::_Iosb<int>::_Fmtflags) const
                         0x800'4eb1   0xa0  Code  Gb  main.o [1]
std::num_put<char, std::ostreambuf_iterator<char, std::char_traits<char>>>::_Iput(std::ostreambuf_iterator<char, std::char_traits<char>>, std::ios_base &, char, char *, unsigned int) const
                         0x800'49ad  0x23a  Code  Gb  main.o [1]
std::num_put<char, std::ostreambuf_iterator<char, std::char_traits<char>>>::_Put(std::ostreambuf_iterator<char, std::char_traits<char>>, char const *, unsigned int) const
                         0x800'41f5   0x2e  Code  Gb  main.o [1]
std::num_put<char, std::ostreambuf_iterator<char, std::char_traits<char>>>::_Rep(std::ostreambuf_iterator<char, std::char_traits<char>>, char, unsigned int) const
                         0x800'41c7   0x2e  Code  Gb  main.o [1]
std::num_put<char, std::ostreambuf_iterator<char, std::char_traits<char>>>::do_put(std::ostreambuf_iterator<char, std::char_traits<char>>, std::ios_base &, char, double) const
                         0x800'4be9  0x190  Code  Gb  main.o [1]
std::num_put<char, std::ostreambuf_iterator<char, std::char_traits<char>>>::do_put(std::ostreambuf_iterator<char, std::char_traits<char>>, std::ios_base &, char, unsigned long) const
                         0x800'521d   0x58  Code  Gb  main.o [1]
std::num_put<char, std::ostreambuf_iterator<char, std::char_traits<char>>>::do_put(std::ostreambuf_iterator<char, std::char_traits<char>>, std::ios_base &, char, unsigned long) const::string
                         0x800'575c    0x4  Data  Gb  main.o [1]
std::num_put<char, std::ostreambuf_iterator<char, std::char_traits<char>>>::num_put()
                         0x800'3cd1    0xc  Code  Gb  main.o [1]
std::num_put<char, std::ostreambuf_iterator<char, std::char_traits<char>>>::num_put() [subobject]
                         0x800'3c61    0x8  Code  Gb  main.o [1]
std::num_put<char, std::ostreambuf_iterator<char, std::char_traits<char>>>::put(std::ostreambuf_iterator<char, std::char_traits<char>>, std::ios_base &, char, double) const
                         0x800'3a21   0x18  Code  Gb  main.o [1]
std::num_put<char, std::ostreambuf_iterator<char, std::char_traits<char>>>::put(std::ostreambuf_iterator<char, std::char_traits<char>>, std::ios_base &, char, unsigned long) const
                         0x800'39bd   0x18  Code  Gb  main.o [1]
std::numpunct<char> const & std::use_facet<std::numpunct<char>>()
                         0x800'40cd   0x30  Code  Gb  main.o [1]
std::numpunct<char> const & std::use_facet<std::numpunct<char>>()::_MyFacet
                        0x2000'029c   0x14  Data  Gb  main.o [1]
std::numpunct<char>::_Init(bool)
                         0x800'4851   0x70  Code  Gb  main.o [1]
std::numpunct<char>::_Init(bool)::string
                         0x800'299e    0x1  Data  Gb  main.o [1]
std::numpunct<char>::_Init(bool)::string (instance 2)
                         0x800'572c    0x8  Data  Gb  main.o [1]
std::numpunct<char>::_Init(bool)::string (instance 3)
                         0x800'5734    0x8  Data  Gb  main.o [1]
std::numpunct<char>::_Tidy()
                         0x800'5675   0x18  Code  Gb  main.o [1]
std::numpunct<char>::decimal_point() const
                         0x800'41a7    0xa  Code  Gb  main.o [1]
std::numpunct<char>::do_decimal_point() const
                         0x800'5769    0x4  Code  Gb  main.o [1]
std::numpunct<char>::do_grouping() const
                         0x800'5721    0xa  Code  Gb  main.o [1]
std::numpunct<char>::do_thousands_sep() const
                         0x800'576d    0x4  Code  Gb  main.o [1]
std::numpunct<char>::grouping() const
                         0x800'40fd    0xa  Code  Gb  main.o [1]
std::numpunct<char>::numpunct()
                         0x800'476d   0x28  Code  Gb  main.o [1]
std::numpunct<char>::numpunct() [subobject]
                         0x800'44e7    0x8  Code  Gb  main.o [1]
std::numpunct<char>::thousands_sep() const
                         0x800'4107    0xa  Code  Gb  main.o [1]
std::numpunct<char>::~numpunct()
                         0x800'565d   0x18  Code  Gb  main.o [1]
std::numpunct<char>::~numpunct() [subobject]
                         0x800'56f3    0x8  Code  Gb  main.o [1]
std::operator &(std::_Iosb<int>::_Fmtflags, std::_Iosb<int>::_Fmtflags)
                         0x800'38f7    0x6  Code  Gb  main.o [1]
std::operator |=(std::_Iosb<int>::_Iostate &, std::_Iosb<int>::_Iostate)
                         0x800'38eb    0x8  Code  Gb  main.o [1]
std::ostream & std::endl<char, std::char_traits<char>>(std::ostream &)
                         0x800'54a9   0x2e  Code  Gb  main.o [1]
std::ostream & std::operator <<<std::char_traits<char>>(std::ostream &, char const *)
                         0x800'355d  0x1b2  Code  Gb  main.o [1]
std::ostream::_Flush_sentry::_Flush_sentry(std::ostream&)
                         0x800'3b15   0x28  Code  Gb  main.o [1]
std::ostream::_Flush_sentry::_Flush_sentry(std::ostream&) [subobject]
                         0x800'3a39    0x8  Code  Gb  main.o [1]
std::ostream::_Flush_sentry::operator bool() const
                         0x800'38e7    0x4  Code  Gb  main.o [1]
std::ostream::_Flush_sentry::~_Flush_sentry()
                         0x800'3b47   0x14  Code  Gb  main.o [1]
std::ostream::_Flush_sentry::~_Flush_sentry() [subobject]
                         0x800'3af3    0x8  Code  Gb  main.o [1]
std::ostream::_Osfx()    0x800'3c71   0x54  Code  Gb  main.o [1]
std::ostream::_Sentry_base::_Sentry_base(std::ostream&)
                         0x800'3cdd   0x48  Code  Gb  main.o [1]
std::ostream::_Sentry_base::_Sentry_base(std::ostream&) [subobject]
                         0x800'3c69    0x8  Code  Gb  main.o [1]
std::ostream::_Sentry_base::~_Sentry_base()
                         0x800'3d25   0x46  Code  Gb  main.o [1]
std::ostream::_Sentry_base::~_Sentry_base() [subobject]
                         0x800'3cc5    0x8  Code  Gb  main.o [1]
std::ostream::flush()    0x800'3a59   0x54  Code  Gb  main.o [1]
std::ostream::operator <<(float)
                         0x800'37a9   0xb0  Code  Gb  main.o [1]
std::ostream::operator <<(std::ostream&(*)(std::ostream&))
                         0x800'3859    0x6  Code  Gb  main.o [1]
std::ostream::operator <<(unsigned int)
                         0x800'370f   0x9a  Code  Gb  main.o [1]
std::ostream::put(char)
                         0x800'5147   0x76  Code  Gb  main.o [1]
std::ostream::sentry::sentry(std::ostream&)
                         0x800'3875   0x72  Code  Gb  main.o [1]
std::ostream::sentry::~sentry()
                         0x800'3985    0xe  Code  Gb  main.o [1]
std::ostream::~basic_ostream()
                         0x800'56fb    0xe  Code  Gb  iostream_cout.o [3]
std::ostreambuf_iterator<char, std::char_traits<char>>::failed() const
                         0x800'39d5    0x4  Code  Gb  main.o [1]
std::ostreambuf_iterator<char, std::char_traits<char>>::operator *()
                         0x800'4435    0x2  Code  Gb  main.o [1]
std::ostreambuf_iterator<char, std::char_traits<char>>::operator ++()
                         0x800'4465    0x2  Code  Gb  main.o [1]
std::ostreambuf_iterator<char, std::char_traits<char>>::operator =(char)
                         0x800'4437   0x2e  Code  Gb  main.o [1]
std::ostreambuf_iterator<char, std::char_traits<char>>::ostreambuf_iterator(std::streambuf *)
                         0x800'39b5    0x8  Code  Gb  main.o [1]
std::remove_reference<char *&>::type && std::move<char *&>(char *& &&)
                         0x800'47ad    0x2  Code  Gb  main.o [1]
std::streambuf::_Lock()
                         0x800'27f7    0x2  Code  Gb  iostream_cout.o [3]
std::streambuf::_Pnavail() const
                         0x800'3aad   0x18  Code  Gb  main.o [1]
std::streambuf::_Pninc()
                         0x800'3ac5    0xe  Code  Gb  main.o [1]
std::streambuf::_Unlock()
                         0x800'2827    0x2  Code  Gb  iostream_cout.o [3]
std::streambuf::overflow(int)
                         0x800'2683    0x6  Code  Gb  iostream_cout.o [3]
std::streambuf::pubsync()
                         0x800'3b3d    0xa  Code  Gb  main.o [1]
std::streambuf::sputc(char)
                         0x800'3907   0x32  Code  Gb  main.o [1]
std::streambuf::sputn(char const *, int)
                         0x800'394b    0xa  Code  Gb  main.o [1]
std::streambuf::sync()   0x800'5771    0x4  Code  Gb  iostream_cout.o [3]
std::streambuf::xsputn(char const *, int)
                         0x800'51bd   0x60  Code  Gb  iostream_cout.o [3]
std::string::_Chassign(unsigned int, unsigned int, char)
                         0x800'43cd   0x2a  Code  Gb  main.o [1]
std::string::_Copy(unsigned int, unsigned int)
                         0x800'45a9   0xd6  Code  Gb  main.o [1]
std::string::_Eos(unsigned int)
                         0x800'43f7   0x28  Code  Gb  main.o [1]
std::string::_Grow(unsigned int, bool)
                         0x800'4341   0x7a  Code  Gb  main.o [1]
std::string::_Inside(char const *)
                         0x800'52c7   0x32  Code  Gb  main.o [1]
std::string::_Tidy(bool, unsigned int)
                         0x800'4255   0x7a  Code  Gb  main.o [1]
std::string::assign(char const *)
                         0x800'55a5   0x18  Code  Gb  main.o [1]
std::string::assign(char const *, unsigned int)
                         0x800'5275   0x52  Code  Gb  main.o [1]
std::string::assign(const std::string&, unsigned int, unsigned int)
                         0x800'503d   0x7c  Code  Gb  main.o [1]
std::string::assign(unsigned int, char)
                         0x800'42cf   0x3a  Code  Gb  main.o [1]
std::string::basic_string(char const *)
                         0x800'5581   0x24  Code  Gb  main.o [1]
std::string::basic_string(unsigned int, char)
                         0x800'4083   0x2a  Code  Gb  main.o [1]
std::string::erase(unsigned int)
                         0x800'50b9   0x22  Code  Gb  main.o [1]
std::string::erase(unsigned int, unsigned int)
                         0x800'50db   0x6c  Code  Gb  main.o [1]
std::string::insert(unsigned int, unsigned int, char)
                         0x800'4111   0x96  Code  Gb  main.o [1]
std::string::max_size() const
                         0x800'4591   0x18  Code  Gb  main.o [1]
std::string::operator [](unsigned int)
                         0x800'40ad    0xc  Code  Gb  main.o [1]
std::string::operator [](unsigned int) const
                         0x800'41b1    0xc  Code  Gb  main.o [1]
std::string::size() const
                         0x800'41bd    0xa  Code  Gb  main.o [1]
std::string::~basic_string()
                         0x800'4223   0x12  Code  Gb  main.o [1]
strchr                   0x800'25ed         Code  Gb  strchr.o [5]
strcspn                  0x800'4039   0x22  Code  Gb  strcspn.o [2]
strlen                   0x800'264d         Code  Gb  strlen.o [5]
ttio_guard              0x2000'02df    0x1  Data  Lc  XShttio.o [2]
void std::_Deallocate<char>(char *, unsigned int)
                         0x800'4847    0x8  Code  Gb  main.o [1]
void std::_Wrap_alloc<std::allocator<char>>::construct<char *, char *>(char * *, char * &&...)
                         0x800'47af   0x18  Code  Gb  main.o [1]
void std::_Wrap_alloc<std::allocator<char>>::destroy<char *>(char * *)
                         0x800'44a3    0x8  Code  Gb  main.o [1]
void std::allocator<char>::construct<char *, char *>(char * *, char * &&...)
                         0x800'495f   0x20  Code  Gb  main.o [1]
void std::allocator<char>::destroy<char *>(char * *)
                         0x800'4845    0x2  Code  Gb  main.o [1]
void std::allocator_traits<std::allocator<char>>::construct<char *, char *>(std::allocator<char>&, char * *, char * &&...)
                         0x800'48df   0x18  Code  Gb  main.o [1]
void std::allocator_traits<std::allocator<char>>::destroy<char *>(std::allocator<char>&, char * *)
                         0x800'4753    0x8  Code  Gb  main.o [1]
void std::numpunct<char>::_Getvals<char>(char)
                         0x800'492d   0x1a  Code  Gb  main.o [1]


[1] = D:\Bogdan\ÞÓðÃÓ\Lab6\Debug\Obj
[2] = dl7M_tln.a
[3] = dlpp7M_tl_nc.a
[4] = m7M_tls.a
[5] = rt7M_tl.a
[6] = shb_l.a

  21'859 bytes of readonly  code memory
     529 bytes of readonly  data memory
  17'540 bytes of readwrite data memory

Errors: none
Warnings: none
